// Jest Snapshot v1, https://goo.gl/fbAQLP

exports[`Board: component Matches snapshot 1`] = `<canvas />`;
